
> mad-mercury@0.0.1 build
> astro build

01:56:40 [WARN] Unsupported file type C:\Users\Safak\.gemini\antigravity\scratch\ki-automatisieren-astro\src\pages\index.astro.bak found. Prefix filename with an underscore (`_`) to ignore.
01:56:40 [types] Generated 220ms
01:56:40 [build] output: "static"
01:56:40 [build] directory: C:\Users\Safak\.gemini\antigravity\scratch\ki-automatisieren-astro\dist\
01:56:40 [build] Collecting build info...
01:56:40 [build] ✓ Completed in 475ms.
01:56:40 [build] Building static entrypoints...
01:56:43 [ERROR] [vite] [31mx[39m Build failed in 2.87s
[vite:css] [postcss] C:/Users/Safak/.gemini/antigravity/scratch/ki-automatisieren-astro/src/styles/globals.css:11:9: The `shadow-[0_0_8px_rgba(163,` class does not exist. If `shadow-[0_0_8px_rgba(163,` is a custom class, make sure it is defined within a `@layer` directive.
file: C:/Users/Safak/.gemini/antigravity/scratch/ki-automatisieren-astro/src/styles/globals.css:11:8
  Location:
    C:/Users/Safak/.gemini/antigravity/scratch/ki-automatisieren-astro/src/styles/globals.css:11:8
  Stack trace:
    at Input.error (C:\Users\Safak\.gemini\antigravity\scratch\ki-automatisieren-astro\node_modules\postcss\lib\input.js:135:16)
    at processApply (C:\Users\Safak\.gemini\antigravity\scratch\ki-automatisieren-astro\node_modules\tailwindcss\lib\lib\expandApplyAtRules.js:380:29)
    at C:\Users\Safak\.gemini\antigravity\scratch\ki-automatisieren-astro\node_modules\tailwindcss\lib\processTailwindFeatures.js:55:50
    at async LazyResult.runAsync (C:\Users\Safak\.gemini\antigravity\scratch\ki-automatisieren-astro\node_modules\postcss\lib\lazy-result.js:293:11)
    at async Object.transform (file:///C:/Users/Safak/.gemini/antigravity/scratch/ki-automatisieren-astro/node_modules/astro/node_modules/vite/dist/node/chunks/dep-BK3b2jBa.js:36171:11)
